    Blocking waiting for file lock on build directory
   Compiling proc-macro2 v1.0.101
   Compiling quote v1.0.41
   Compiling unicode-ident v1.0.19
   Compiling serde_core v1.0.228
   Compiling serde v1.0.228
   Compiling cfg-if v1.0.3
   Compiling libc v0.2.177
   Compiling value-bag v1.11.1
   Compiling memchr v2.7.6
   Compiling log v0.4.28
   Compiling once_cell v1.21.3
   Compiling allocator-api2 v0.2.21
   Compiling pin-project-lite v0.2.16
   Compiling itoa v1.0.15
   Compiling anyhow v1.0.100
   Compiling version_check v0.9.5
   Compiling find-msvc-tools v0.1.4
   Compiling shlex v1.3.0
   Compiling syn v2.0.106
   Compiling parking_lot_core v0.9.12
   Compiling scopeguard v1.2.0
   Compiling lock_api v0.4.14
   Compiling futures-core v0.3.31
   Compiling jobserver v0.1.34
   Compiling bytes v1.10.1
   Compiling zerocopy v0.8.27
   Compiling equivalent v1.0.2
   Compiling cc v1.2.41
   Compiling futures-io v0.3.31
   Compiling foldhash v0.2.0
   Compiling hashbrown v0.16.0
   Compiling signal-hook-registry v1.4.6
   Compiling slab v0.4.11
   Compiling getrandom v0.3.3
   Compiling futures-sink v0.3.31
   Compiling indexmap v2.11.4
   Compiling crossbeam-utils v0.8.21
   Compiling mio v1.0.4
   Compiling semver v1.0.27
   Compiling pin-utils v0.1.0
   Compiling socket2 v0.6.0
   Compiling getrandom v0.2.16
   Compiling futures-channel v0.3.31
   Compiling futures-task v0.3.31
   Compiling ryu v1.0.20
   Compiling autocfg v1.5.0
   Compiling bitflags v2.9.4
   Compiling siphasher v1.0.1
   Compiling rustix v1.1.2
   Compiling rand_core v0.6.4
   Compiling tracing-core v0.1.34
   Compiling phf_shared v0.11.3
   Compiling ppv-lite86 v0.2.21
   Compiling pkg-config v0.3.32
   Compiling linux-raw-sys v0.11.0
   Compiling fnv v1.0.7
   Compiling stable_deref_trait v1.2.1
   Compiling serde_json v1.0.145
   Compiling crc32fast v1.5.0
   Compiling thiserror v1.0.69
   Compiling rand_chacha v0.3.1
   Compiling rand v0.8.5
   Compiling unicode-xid v0.2.6
   Compiling byteorder v1.5.0
   Compiling phf_generator v0.11.3
   Compiling http v1.3.1
   Compiling synstructure v0.13.2
   Compiling percent-encoding v2.3.2
   Compiling typenum v1.19.0
   Compiling generic-array v0.14.7
   Compiling foldhash v0.1.5
   Compiling heck v0.5.0
   Compiling hashbrown v0.15.5
   Compiling ahash v0.8.12
   Compiling httparse v1.10.1
   Compiling id-arena v2.2.1
   Compiling num-traits v0.2.19
   Compiling leb128 v0.2.5
   Compiling smallvec v1.15.1
   Compiling either v1.15.0
   Compiling thiserror v2.0.17
   Compiling phf_codegen v0.11.3
   Compiling aho-corasick v1.1.3
   Compiling ipnet v2.11.0
   Compiling regex-syntax v0.8.6
   Compiling crypto-common v0.1.6
   Compiling block-buffer v0.10.4
   Compiling cpufeatures v0.2.17
   Compiling atomic-waker v1.1.2
   Compiling digest v0.10.7
   Compiling base64 v0.22.1
   Compiling simd-adler32 v0.3.7
   Compiling serde_derive v1.0.228
   Compiling zerocopy-derive v0.8.27
   Compiling tokio-macros v2.5.0
   Compiling futures-macro v0.3.31
   Compiling tracing-attributes v0.1.30
   Compiling thiserror-impl v1.0.69
   Compiling zerofrom-derive v0.1.6
   Compiling futures-util v0.3.31
   Compiling tracing v0.1.41
   Compiling yoke-derive v0.8.0
   Compiling zerovec-derive v0.11.1
   Compiling displaydoc v0.2.5
   Compiling zerofrom v0.1.6
   Compiling thiserror-impl v2.0.17
   Compiling crossbeam-epoch v0.9.18
   Compiling utf-8 v0.7.6
   Compiling tower-service v0.3.3
   Compiling regex-automata v0.4.11
   Compiling form_urlencoded v1.2.2
   Compiling bumpalo v3.19.0
   Compiling litemap v0.8.0
   Compiling yoke v0.8.0
   Compiling zerovec v0.11.4
   Compiling adler2 v2.0.1
   Compiling writeable v0.6.1
   Compiling libm v0.2.15
   Compiling miniz_oxide v0.8.9
   Compiling zerotrie v0.2.2
   Compiling async-trait v0.1.89
   Compiling http-body v1.0.1
   Compiling tinystr v0.8.1
   Compiling potential_utf v0.1.3
   Compiling new_debug_unreachable v1.0.6
   Compiling parking_lot v0.12.5
   Compiling icu_locale_core v2.0.0
   Compiling icu_properties_data v2.0.1
   Compiling icu_normalizer_data v2.0.0
   Compiling icu_collections v2.0.0
   Compiling tokio v1.47.1
   Compiling icu_provider v2.0.0
   Compiling phf_macros v0.11.3
   Compiling zstd-sys v2.0.16+zstd.1.5.7
   Compiling encoding_rs v0.8.35
   Compiling target-lexicon v0.13.3
   Compiling lazy_static v1.5.0
   Compiling rustversion v1.0.22
   Compiling try-lock v0.2.5
   Compiling rustc-hash v2.1.1
   Compiling want v0.3.1
   Compiling phf v0.11.3
   Compiling hashbrown v0.14.5
   Compiling httpdate v1.0.3
   Compiling rayon-core v1.13.0
   Compiling icu_properties v2.0.1
   Compiling icu_normalizer v2.0.0
   Compiling crossbeam-deque v0.8.6
   Compiling arbitrary v1.4.2
   Compiling zstd-safe v7.2.4
   Compiling idna_adapter v1.2.1
   Compiling flate2 v1.1.4
   Compiling tokio-util v0.7.16
   Compiling utf8_iter v1.0.4
   Compiling unicode-width v0.2.2
   Compiling idna v1.1.0
   Compiling h2 v0.4.12
   Compiling regex v1.11.3
   Compiling http-body-util v0.1.3
   Compiling spdx v0.10.9
   Compiling leb128fmt v0.1.0
   Compiling rayon v1.11.0
   Compiling tower-layer v0.3.3
   Compiling url v2.5.7
   Compiling cobs v0.3.0
   Compiling uuid v1.18.1
   Compiling precomputed-hash v0.1.1
   Compiling mime v0.3.17
   Compiling termcolor v1.4.1
   Compiling rustc-demangle v0.1.26
   Compiling postcard v1.1.3
   Compiling futures-executor v0.3.31
   Compiling string_cache_codegen v0.5.4
   Compiling fxhash v0.2.1
   Compiling sync_wrapper v1.0.2
   Compiling num-conv v0.1.0
   Compiling cpp_demangle v0.4.5
   Compiling time-core v0.1.6
   Compiling vcpkg v0.2.15
   Compiling dtoa v1.0.10
   Compiling dtoa-short v0.3.5
   Compiling tokio-stream v0.1.17
   Compiling serde_spanned v0.6.9
   Compiling toml_datetime v0.6.11
   Compiling cssparser-macros v0.6.1
   Compiling winnow v0.7.13
   Compiling cranelift-srcgen v0.124.2
   Compiling hyper v1.7.0
   Compiling openssl-sys v0.9.109
   Compiling toml_write v0.1.2
   Compiling iana-time-zone v0.1.64
   Compiling hyper-util v0.1.17
   Compiling cranelift-assembler-x64-meta v0.124.2
   Compiling tower v0.5.2
   Compiling debugid v0.8.0
   Compiling itertools v0.14.0
   Compiling ring v0.17.14
   Compiling toml_edit v0.22.27
   Compiling mac v0.1.1
   Compiling zeroize v1.8.2
   Compiling wasm-encoder v0.240.0
   Compiling futf v0.1.5
   Compiling serde_urlencoded v0.7.1
   Compiling pulley-macros v37.0.2
   Compiling async-stream-impl v0.3.6
   Compiling ittapi-sys v0.4.0
   Compiling dirs-sys-next v0.1.2
   Compiling alloc-no-stdlib v2.0.4
   Compiling toml v0.8.23
   Compiling siphasher v0.3.11
   Compiling async-stream v0.3.6
   Compiling phf_shared v0.10.0
   Compiling alloc-stdlib v0.2.2
   Compiling directories-next v2.0.0
   Compiling tendril v0.4.3
   Compiling rustls-pki-types v1.12.0
   Compiling chrono v0.4.42
   Compiling string_cache v0.8.9
   Compiling cranelift-bitset v0.124.2
   Compiling wasmtime-internal-versioned-export-macros v37.0.2
   Compiling derive_more v0.99.20
   Compiling sha2 v0.10.9
   Compiling gimli v0.32.3
   Compiling cranelift-isle v0.124.2
   Compiling untrusted v0.9.0
   Compiling foreign-types-shared v0.1.1
   Compiling openssl v0.10.73
   Compiling pulley-interpreter v37.0.2
   Compiling foreign-types v0.3.2
   Compiling wast v240.0.0
   Compiling brotli-decompressor v5.0.0
   Compiling phf_generator v0.10.0
   Compiling futures v0.3.31
   Compiling openssl-macros v0.1.1
   Compiling rustls v0.23.32
   Compiling cranelift-codegen-shared v0.124.2
   Compiling powerfmt v0.2.0
   Compiling object v0.37.3
   Compiling native-tls v0.2.14
   Compiling litrs v0.4.2
   Compiling deranged v0.5.4
   Compiling cranelift-codegen-meta v0.124.2
   Compiling document-features v0.2.11
   Compiling brotli v8.0.2
   Compiling phf_codegen v0.10.0
   Compiling ittapi v0.4.0
   Compiling cranelift-entity v0.124.2
   Compiling cranelift-assembler-x64 v0.124.2
   Compiling fxprof-processed-profile v0.6.0
   Compiling wat v1.240.0
   Compiling markup5ever v0.12.1
   Compiling time-macros v0.2.24
   Compiling memfd v0.6.5
   Compiling sha1 v0.10.6
   Compiling cookie v0.18.1
   Compiling subtle v2.6.1
   Compiling openssl-probe v0.1.6
   Compiling data-encoding v2.9.0
   Compiling compression-core v0.4.29
   Compiling io-lifetimes v2.0.4
   Compiling unicode-segmentation v1.12.0
   Compiling cranelift-codegen v0.124.2
   Compiling selectors v0.25.0
   Compiling wasmtime-internal-math v37.0.2
   Compiling html5ever v0.27.0
   Compiling psl-types v2.0.11
   Compiling bitflags v1.3.2
   Compiling time v0.3.44
   Compiling publicsuffix v2.3.0
   Compiling phf v0.10.1
   Compiling tokio-native-tls v0.3.1
   Compiling cranelift-bforest v0.124.2
   Compiling webpki-roots v1.0.3
   Compiling cssparser v0.31.2
   Compiling getopts v0.2.24
   Compiling cranelift-control v0.124.2
   Compiling regalloc2 v0.13.2
   Compiling servo_arc v0.3.0
   Compiling wasmparser v0.239.0
   Compiling maybe-owned v0.3.4
   Compiling iri-string v0.7.8
   Compiling zstd v0.13.3
   Compiling io-extras v0.18.4
   Compiling cookie_store v0.21.1
   Compiling compression-codecs v0.4.31
   Compiling hyper-tls v0.6.0
   Compiling equator-macro v0.4.2
   Compiling wasm-encoder v0.41.2
   Compiling wasmparser v0.121.2
   Compiling ego-tree v0.6.3
   Compiling wasm-encoder v0.239.0
   Compiling cap-primitives v3.4.4
   Compiling ambient-authority v0.0.2
   Compiling scraper v0.20.0
   Compiling equator v0.4.2
   Compiling async-compression v0.4.32
   Compiling tower-http v0.6.6
   Compiling fs-set-times v0.20.3
   Compiling rustix-linux-procfs v0.1.1
   Compiling sharded-slab v0.1.7
   Compiling matchers v0.2.0
   Compiling tracing-serde v0.2.0
   Compiling wit-parser v0.13.2
   Compiling fdeflate v0.3.7
   Compiling num-integer v0.1.46
   Compiling wasm-encoder v0.38.1
   Compiling wasmparser v0.118.2
   Compiling wasm-metadata v0.10.20
   Compiling tracing-log v0.2.0
   Compiling thread_local v1.1.9
   Compiling minimal-lexical v0.2.1
   Compiling nu-ansi-term v0.50.3
   Compiling rustix v0.38.44
   Compiling color_quant v1.1.0
   Compiling weezl v0.1.10
   Compiling wasmtime-internal-unwinder v37.0.2
   Compiling tracing-subscriber v0.3.20
   Compiling nom v7.1.3
   Compiling wit-parser v0.239.0
   Compiling rustls-webpki v0.103.7
   Compiling wit-component v0.18.2
   Compiling wasmprinter v0.239.0
   Compiling num-bigint v0.4.6
   Compiling aligned-vec v0.6.4
   Compiling addr2line v0.25.1
   Compiling wasmtime-internal-jit-debug v37.0.2
   Compiling wasmtime-internal-fiber v37.0.2
   Compiling half v2.7.0
   Compiling multer v3.1.0
   Compiling arrayvec v0.7.6
   Compiling wit-bindgen-rust v0.16.0
   Compiling wasmtime-internal-component-macro v37.0.2
   Compiling wasmtime-internal-component-util v37.0.2
   Compiling cap-std v3.4.4
   Compiling linux-raw-sys v0.4.15
   Compiling bytemuck v1.24.0
   Compiling paste v1.0.15
   Compiling wasmtime-internal-cache v37.0.2
   Compiling cranelift-frontend v0.124.2
   Compiling cranelift-native v0.124.2
   Compiling wasmtime-environ v37.0.2
   Compiling tokio-rustls v0.26.4
   Compiling wit-bindgen-core v0.16.0
   Compiling hyper-rustls v0.27.7
   Compiling reqwest v0.12.23
   Compiling wasmtime-internal-wit-bindgen v37.0.2
   Compiling tungstenite v0.24.0
   Compiling heck v0.4.1
   Compiling wasmtime v37.0.2
   Compiling wast v35.0.2
   Compiling indexmap v1.9.3
   Compiling num_cpus v1.17.0
   Compiling wasmtime-internal-asm-macros v37.0.2
   Compiling libloading v0.8.9
   Compiling spin v0.9.8
   Compiling built v0.7.7
   Compiling witx v0.9.1
   Compiling rav1e v0.7.1
   Compiling wasmtime-internal-cranelift v37.0.2
   Compiling tokio-tungstenite v0.24.0
   Compiling num-rational v0.4.2
   Compiling v_frame v0.3.9
   Compiling axum-core v0.4.5
   Compiling dashmap v6.1.0
   Compiling profiling-procmacros v1.0.17
   Compiling axum-macros v0.4.2
   Compiling pin-project-internal v1.1.10
   Compiling wasmtime-internal-jit-icache-coherence v37.0.2
   Compiling servo_arc v0.4.1
   Compiling serde_path_to_error v0.1.20
   Compiling socket2 v0.5.10
   Compiling wasmtime-internal-slab v37.0.2
   Compiling wiggle-macro v37.0.2
   Compiling matchit v0.7.3
   Compiling base64 v0.21.7
   Compiling glob v0.3.3
   Compiling hashbrown v0.12.3
   Compiling quick-error v2.0.1
   Compiling axum v0.7.9
   Compiling pin-project v1.1.10
   Compiling profiling v1.0.17
   Compiling av1-grain v0.2.4
   Compiling wit-bindgen-rust-macro v0.16.0
   Compiling wiggle-generate v37.0.2
   Compiling maybe-rayon v0.1.1
   Compiling num-derive v0.4.2
   Compiling fax_derive v0.2.0
   Compiling arg_enum_proc_macro v0.3.4
   Compiling derive_more-impl v2.0.1
   Compiling selectors v0.32.0
   Compiling itertools v0.12.1
   Compiling simd_helpers v0.1.0
   Compiling bitstream-io v2.6.0
   Compiling imgref v1.12.0
   Compiling noop_proc_macro v0.3.0
   Compiling bit-vec v0.6.3
   Compiling system-interface v0.27.3
   Compiling zune-core v0.4.12
   Compiling cap-fs-ext v3.4.4
   Compiling zune-jpeg v0.4.21
   Compiling bit-set v0.5.3
   Compiling derive_more v2.0.1
   Compiling loop9 v0.1.5
   Compiling fax v0.2.6
   Compiling prost-derive v0.13.5
   Compiling wit-bindgen v0.16.0
   Compiling tower v0.4.13
   Compiling riptide-stealth v0.1.0 (/workspaces/eventmesh/crates/riptide-stealth)
   Compiling avif-serialize v0.8.6
   Compiling cssparser v0.35.0
   Compiling markup5ever v0.14.1
   Compiling opentelemetry v0.26.0
   Compiling zune-inflate v0.2.54
   Compiling pxfm v0.1.25
   Compiling bit_field v0.10.3
   Compiling byteorder-lite v0.1.0
   Compiling platforms v2.0.0
   Compiling rgb v0.8.52
   Compiling lebe v0.5.3
   Compiling image-webp v0.2.4
   Compiling exr v1.73.0
   Compiling ravif v0.11.20
   Compiling opentelemetry_sdk v0.26.0
   Compiling prost v0.13.5
   Compiling wiggle v37.0.2
   Compiling wasmtime-wasi-io v37.0.2
   Compiling riptide-html v0.1.0 (/workspaces/eventmesh/crates/riptide-html)
   Compiling tiff v0.10.3
   Compiling fancy-regex v0.12.0
   Compiling cap-net-ext v3.4.4
   Compiling qoi v0.4.1
   Compiling cap-time-ext v3.4.4
   Compiling gif v0.13.3
   Compiling png v0.18.0
   Compiling cap-rand v3.4.4
   Compiling hyper-timeout v0.5.2
   Compiling bstr v1.12.0
   Compiling selectors v0.26.0
   Compiling pdfium-render v0.8.35
   Compiling piston-float v1.0.1
   Compiling rustc-hash v1.1.0
   Compiling hex v0.4.3
   Compiling vecmath v1.0.0
   Compiling tonic v0.12.3
   Compiling wasmtime-wasi v37.0.2
   Compiling lol_html v2.7.0
   Compiling moxcms v0.7.6
   Compiling nix v0.24.3
   Compiling tiktoken-rs v0.5.9
   Compiling cssparser v0.34.0
   Compiling match_token v0.1.0
   Compiling utf16string v0.2.0
   Compiling serde_derive_internals v0.29.1
   Compiling unescape v0.1.0
   Compiling schemars v0.8.22
   Compiling psutil v3.3.0
   Compiling html5ever v0.29.1
   Compiling opentelemetry-proto v0.26.1
   Compiling schemars_derive v0.8.22
   Compiling sysinfo v0.32.1
   Compiling combine v4.6.7
   Compiling arc-swap v1.7.1
   Compiling ego-tree v0.10.0
   Compiling xml-rs v0.8.27
   Compiling sha1_smol v1.0.1
   Compiling dyn-clone v1.0.20
   Compiling xml v0.8.20
   Compiling scraper v0.22.0
   Compiling image v0.25.8
   Compiling opentelemetry-otlp v0.26.0
   Compiling tracing-opentelemetry v0.27.0
   Compiling riptide-search v0.1.0 (/workspaces/eventmesh/crates/riptide-search)
   Compiling nanoid v0.4.0
   Compiling opentelemetry-semantic-conventions v0.26.0
   Compiling redis v0.26.1
   Compiling robotstxt v0.2.0
   Compiling tokio-test v0.4.4
   Compiling fastrand v2.3.0
   Compiling tempfile v3.23.0
   Compiling anstyle v1.0.13
   Compiling same-file v1.0.6
   Compiling utf8parse v0.2.2
   Compiling anstyle-query v1.1.4
   Compiling walkdir v2.5.0
   Compiling anstyle-parse v0.2.7
   Compiling is_terminal_polyfill v1.70.1
   Compiling colorchoice v1.0.4
   Compiling clap_lex v0.7.5
   Compiling strsim v0.11.1
   Compiling anstream v0.6.21
   Compiling clap_derive v4.5.47
   Compiling rustc_version v0.4.1
   Compiling option-ext v0.2.0
   Compiling pathfinder_simd v0.5.5
   Compiling yeslogic-fontconfig-sys v6.0.0
   Compiling freetype-sys v0.20.1
   Compiling clap_builder v4.5.48
   Compiling dirs-sys v0.5.0
   Compiling dlib v0.5.2
   Compiling png v0.17.16
   Compiling jpeg-decoder v0.3.2
   Compiling plotters-backend v0.3.7
   Compiling clap v4.5.48
   Compiling font-kit v0.14.3
   Compiling image v0.24.9
   Compiling pathfinder_geometry v0.5.1
   Compiling dirs v6.0.0
   Compiling gif v0.12.0
   Compiling float-ord v0.3.2
   Compiling plotters-svg v0.3.7
   Compiling plotters-bitmap v0.3.7
   Compiling concurrent-queue v2.5.0
   Compiling is-terminal v0.4.16
   Compiling predicates-core v1.0.9
   Compiling ciborium-io v0.2.2
   Compiling ttf-parser v0.20.0
   Compiling parking v2.2.1
   Compiling ciborium-ll v0.2.2
   Compiling itertools v0.10.5
   Compiling termtree v0.5.1
   Compiling cast v0.3.0
   Compiling predicates v3.1.3
   Compiling predicates-tree v1.0.12
   Compiling tinytemplate v1.2.1
   Compiling downcast v0.11.0
   Compiling anes v0.1.6
   Compiling fragile v2.0.1
   Compiling ciborium v0.2.2
   Compiling oorandom v11.1.5
   Compiling event-listener v5.4.1
   Compiling futures-timer v3.0.3
   Compiling unsafe-libyaml v0.2.11
   Compiling event-listener-strategy v0.5.4
   Compiling portable-atomic v1.11.1
   Compiling async-lock v3.4.1
   Compiling crossbeam-channel v0.5.15
   Compiling protobuf v3.7.2
   Compiling protobuf-support v3.7.2
   Compiling serde_yaml v0.9.34+deprecated
   Compiling inotify-sys v0.1.5
   Compiling criterion-plot v0.5.0
   Compiling inotify v0.9.6
   Compiling plotters v0.3.7
   Compiling filetime v0.2.26
   Compiling mio v0.8.11
   Compiling home v0.5.11
   Compiling which v4.4.2
   Compiling raw-cpuid v11.6.0
   Compiling rand_core v0.9.3
   Compiling notify v6.1.1
   Compiling rand_chacha v0.9.0
   Compiling quanta v0.12.6
   Compiling findshlibs v0.10.2
   Compiling tikv-jemalloc-sys v0.5.4+5.3.0-patched
   Compiling memmap2 v0.9.8
   Compiling criterion v0.5.1
   Compiling protobuf-parse v3.7.2
   Compiling toml_parser v1.0.4
   Compiling riptide-pdf v0.1.0 (/workspaces/eventmesh/crates/riptide-pdf)
   Compiling toml_datetime v0.7.3
   Compiling symbolic-demangle v12.16.3
   Compiling toml_edit v0.23.7
   Compiling symbolic-common v12.16.3
   Compiling riptide-core v0.1.0 (/workspaces/eventmesh/crates/riptide-core)
   Compiling protobuf-codegen v3.7.2
   Compiling rand v0.9.2
   Compiling rstest_macros v0.22.0
   Compiling moka v0.12.11
   Compiling mockall_derive v0.13.1
   Compiling proc-macro-crate v3.4.0
   Compiling backtrace v0.3.76
   Compiling nix v0.26.4
   Compiling convert_case v0.8.0
   Compiling castaway v0.2.4
   Compiling dashmap v5.5.3
   Compiling assert-json-diff v2.0.2
   Compiling spinning_top v0.3.0
   Compiling spin v0.10.0
   Compiling tagptr v0.2.0
   Compiling relative-path v1.9.3
   Compiling ref-cast v1.0.25
   Compiling static_assertions v1.1.0
   Compiling no-std-compat v0.4.1
   Compiling nonzero_ext v0.3.0
   Compiling governor v0.6.3
   Compiling pprof v0.15.0
   Compiling compact_str v0.8.1
   Compiling spider_network_blocker v0.0.12
   Compiling tokio-metrics v0.3.1
   Compiling spider_chromiumoxide_types v0.7.4
   Compiling ref-cast-impl v1.0.25
   Compiling memory-stats v1.2.0
   Compiling spider_fingerprint v2.37.194
   Compiling procfs v0.17.0
   Compiling simdutf8 v0.1.5
   Compiling iai v0.1.1
   Compiling faststr v0.2.32
   Compiling spider_chromiumoxide_pdl v0.7.4
   Compiling case_insensitive_string v0.2.10
   Compiling tungstenite v0.27.0
   Compiling procfs-core v0.17.0
   Compiling blake3 v1.8.2
   Compiling sonic-number v0.1.0
   Compiling sonic-simd v0.1.1
   Compiling env_home v0.1.0
   Compiling prometheus v0.14.0
   Compiling which v8.0.0
   Compiling sonic-rs v0.5.5
   Compiling tokio-tungstenite v0.27.0
   Compiling mockall v0.13.1
   Compiling rstest v0.22.0
   Compiling spider_chromiumoxide_cdp v0.7.4
   Compiling cron v0.13.0
   Compiling twox-hash v2.1.2
   Compiling arrayref v0.3.9
   Compiling constant_time_eq v0.3.1
   Compiling dunce v1.0.5
   Compiling lz4_flex v0.11.5
   Compiling metrics v0.23.1
   Compiling sketches-ddsketch v0.2.2
   Compiling metrics-util v0.17.0
   Compiling tower-http v0.5.2
   Compiling wait-timeout v0.2.1
   Compiling metrics-exporter-prometheus v0.15.3
   Compiling quick-error v1.2.3
   Compiling bit-vec v0.8.0
   Compiling deadpool-runtime v0.1.4
   Compiling deadpool v0.12.3
   Compiling bit-set v0.8.0
   Compiling rusty-fork v0.3.1
   Compiling riptide-intelligence v0.1.0 (/workspaces/eventmesh/crates/riptide-intelligence)
   Compiling riptide-workers v0.1.0 (/workspaces/eventmesh/crates/riptide-workers)
   Compiling axum-prometheus v0.7.0
   Compiling rand_xorshift v0.4.0
   Compiling tungstenite v0.23.0
   Compiling unarray v0.1.4
   Compiling proptest v1.8.0
   Compiling tokio-tungstenite v0.23.1
   Compiling wiremock v0.6.5
   Compiling axum-extra v0.9.6
   Compiling crunchy v0.2.4
   Compiling tiny-keccak v2.0.2
   Compiling mockall_derive v0.12.1
   Compiling futures-lite v2.6.1
   Compiling async-io v2.6.0
   Compiling cranelift-srcgen v0.121.2
   Compiling ucd-trie v0.1.7
   Compiling ident_case v1.0.1
   Compiling riptide-persistence v0.1.0 (/workspaces/eventmesh/crates/riptide-persistence)
   Compiling darling_core v0.20.11
   Compiling pest v2.8.3
   Compiling cranelift-assembler-x64-meta v0.121.2
   Compiling dirs-next v2.0.0
   Compiling mockall v0.12.1
   Compiling polling v3.11.0
   Compiling tracing-test-macro v0.2.5
   Compiling async-task v4.7.1
   Compiling tracing-test v0.2.5
   Compiling term v0.7.0
   Compiling darling_macro v0.20.11
   Compiling pest_meta v2.8.3
   Compiling const-random-macro v0.1.16
   Compiling async-channel v2.5.0
   Compiling wasmtime-versioned-export-macros v34.0.2
   Compiling pulley-macros v34.0.2
   Compiling fixedbitset v0.4.2
   Compiling syn v1.0.109
   Compiling petgraph v0.6.5
   Compiling const-random v0.1.18
   Compiling pest_generator v2.8.3
   Compiling darling v0.20.11
   Compiling ascii-canvas v3.0.0
   Compiling wasmparser v0.219.2
   Compiling lalrpop-util v0.20.2
   Compiling piper v0.2.4
   Compiling itertools v0.11.0
   Compiling cranelift-bitset v0.121.2
   Compiling ena v0.14.3
   Compiling pico-args v0.5.0
   Compiling cranelift-isle v0.121.2
   Compiling signal-hook v0.3.18
   Compiling pulley-interpreter v34.0.2
   Compiling pest_derive v2.8.3
   Compiling blocking v1.6.2
   Compiling derive_builder_core v0.20.2
   Compiling dlv-list v0.5.2
   Compiling async-signal v0.2.13
   Compiling async-executor v1.13.3
   Compiling console v0.15.11
   Compiling prettyplease v0.2.37
   Compiling event-listener v2.5.3
   Compiling cranelift-codegen-shared v0.121.2
   Compiling async-channel v1.9.0
   Compiling lalrpop v0.20.2
   Compiling cranelift-codegen-meta v0.121.2
   Compiling derive_builder_macro v0.20.2
   Compiling async-global-executor v2.4.1
   Compiling async-process v2.5.0
   Compiling tikv-jemalloc-ctl v0.5.4
   Compiling riptide-performance v0.1.0 (/workspaces/eventmesh/crates/riptide-performance)
   Compiling ordered-multimap v0.7.3
   Compiling cranelift-entity v0.121.2
   Compiling cranelift-assembler-x64 v0.121.2
   Compiling hashlink v0.8.4
   Compiling http v0.2.12
   Compiling gimli v0.31.1
   Compiling async-attributes v1.1.2
   Compiling kv-log-macro v1.0.7
   Compiling num-modular v0.6.1
   Compiling arraydeque v0.5.1
   Compiling number_prefix v0.4.0
   Compiling spider_chrome v2.37.128
   Compiling yaml-rust2 v0.8.1
   Compiling indicatif v0.17.11
   Compiling num-order v1.2.0
   Compiling cranelift-codegen v0.121.2
   Compiling async-std v1.13.2
   Compiling wit-parser v0.219.2
   Compiling wasm-encoder v0.219.2
   Compiling http-body v0.4.6
   Compiling basic-cookies v0.1.5
   Compiling utoipa-gen v5.4.0
   Compiling signal-hook-mio v0.2.4
   Compiling rust-ini v0.20.0
   Compiling derive_builder v0.20.2
   Compiling json5 v0.4.1
   Compiling convert_case v0.6.0
   Compiling dirs-sys v0.4.1
   Compiling ron v0.8.1
   Compiling colored v2.2.0
   Compiling wasmtime-math v34.0.2
   Compiling object v0.36.7
   Compiling wasmparser v0.233.0
   Compiling pathdiff v0.2.3
   Compiling async-object-pool v0.1.5
   Compiling directories v5.0.1
   Compiling wasm-metadata v0.219.2
   Compiling config v0.14.1
   Compiling handlebars v6.3.2
   Compiling riptide-headless v0.1.0 (/workspaces/eventmesh/crates/riptide-headless)
   Compiling crossterm v0.28.1
   Compiling hyper v0.14.32
   Compiling riptide-api v0.1.0 (/workspaces/eventmesh/crates/riptide-api)
   Compiling cranelift-bforest v0.121.2
   Compiling serde_regex v1.1.0
   Compiling cranelift-control v0.121.2
   Compiling vergen v8.3.2
   Compiling utoipa v5.4.0
   Compiling regalloc2 v0.12.2
   Compiling levenshtein v1.0.5
   Compiling wasm-encoder v0.233.0
   Compiling wit-bindgen-rust v0.34.0
   Compiling num_threads v0.1.7
   Compiling similar v2.7.0
   Compiling wit-component v0.219.2
   Compiling httpmock v0.7.0
   Compiling wit-bindgen-core v0.34.0
error: extern location for lazy_static does not exist: /workspaces/eventmesh/target/x86_64-unknown-linux-gnu/debug/deps/liblazy_static-b300c4527cce7d44.rmeta
   --> /home/codespace/.cargo/registry/src/index.crates.io-1949cf8c6b5b557f/httpmock-0.7.0/src/lib.rs:213:1
    |
213 | extern crate lazy_static;
    | ^^^^^^^^^^^^^^^^^^^^^^^^^

error: could not compile `httpmock` (lib) due to 1 previous error
warning: build failed, waiting for other jobs to finish...
error: extern location for memchr does not exist: /workspaces/eventmesh/target/x86_64-unknown-linux-gnu/debug/deps/libmemchr-9293d5a2d74084f7.rmeta
   --> /home/codespace/.cargo/registry/src/index.crates.io-1949cf8c6b5b557f/object-0.36.7/src/read/read_ref.rs:141:15
    |
141 |         match memchr::memchr(delimiter, bytes) {
    |               ^^^^^^

error: extern location for semver does not exist: /workspaces/eventmesh/target/x86_64-unknown-linux-gnu/debug/deps/libsemver-aa1f4a78f77b1475.rmeta
  --> /home/codespace/.cargo/registry/src/index.crates.io-1949cf8c6b5b557f/wasmparser-0.233.0/src/validator/names.rs:11:5
   |
11 | use semver::Version;
   |     ^^^^^^

error: couldn't read `/workspaces/eventmesh/target/x86_64-unknown-linux-gnu/debug/build/cranelift-codegen-50fe64a671cbc72f/out/inst_builder.rs`: No such file or directory (os error 2)
  --> /home/codespace/.cargo/registry/src/index.crates.io-1949cf8c6b5b557f/cranelift-codegen-0.121.2/src/ir/builder.rs:39:1
   |
39 | include!(concat!(env!("OUT_DIR"), "/inst_builder.rs"));
   | ^^^^^^^^^^^^^^^^^^^^^^^^^^^^^^^^^^^^^^^^^^^^^^^^^^^^^^

error: could not compile `cranelift-codegen` (lib) due to 1 previous error
error: could not compile `object` (lib) due to 1 previous error
